Error type 18 at Line 13: Only Bool can be used in the if()/while()
