Error type 11 at Line 16: applying function invocation operator (foo(...)) on non-function names
Error type 8 at Line 16: the functionâ€™s return value type mismatches the declared type
