Error type 5 at Line 22: unmatching types on both sides of assignment operator (=)
