Error type 4 at Line 7: function is redefined (in the global scope, since we donâ€™t have nested function)
