Error type 9 at Line 12: the functionâ€™s arguments mismatch the declared parameters (either types or numbers, or both)
