Error type 7 at Line 10: unmatching operands, such as adding an integer to a structure variable
Error type 5 at Line 10: unmatching types on both sides of assignment operator (=)
