Error type B at Line 9: Missing Right Parentheses ')'
Error type B at Line 12: Missing Right Parentheses ')'
