Error type B at Line 2: Missing Right Curly Braces '}'
Error type B at Line 5: Missing semicolon ';'
