Error type 13 at Line 19 accessing member of non-structure variable (i.e., misuse the dot operator)
Error type 13 at Line 19 accessing member of non-structure variable (i.e., misuse the dot operator)
