Error type 10 at Line 17 applying indexing operator ([...]) on non-array type variables
Error type 8 at Line 17: the functionâ€™s return value type mismatches the declared type
