Error type 2 at Line 8: function is invoked without definition
Error type 5 at Line 8: unmatching types on both sides of assignment operator (=)
Error type 1 at Line 9: variable is used without definition
Error type 8 at Line 9: the functionâ€™s return value type mismatches the declared type
