FUNCTION main :
v0 := #30
v1 := #0
v2 := #1
v3 := #1
LABEL l0 :
IF v3 <= v0 GOTO l1
GOTO l2
LABEL l1 :
LABEL l3 :
IF v2 <= v3 GOTO l4
GOTO l5
LABEL l4 :
t10 := v3 / v2
t9 := t10 * v2
IF v3 == t9 GOTO l6
GOTO l7
LABEL l6 :
v1 := v1 + #1
LABEL l7 :
v2 := v2 + #1
GOTO l3
LABEL l5 :
c0 := #2
IF v1 == c0 GOTO l8
GOTO l9
LABEL l8 :
WRITE v3
LABEL l9 :
v2 := #1
v1 := #0
v3 := v3 + #1
GOTO l0
LABEL l2 :
RETURN #0

