v3 := #0
v0 := #5
t0 := v0
t2 := v0 * v0
t3 := v0 + #2
t1 := t2 * t3
v1 := t1
t0 := v1
test
t2 := v1 / v0
t1 := t2 + #1
v2 := t1
t0 := v2
test
t4 := v0 + v1
t5 := v2 * #3
t2 := t4 - t5
t4 := v1 / v0
t3 := t4 - #4
t1 := t2 + t3
v3 := t1
t0 := v3
test
test
