FUNCTION main :
READ t1
v1 := t1
READ t3
v0 := t3
t2 := v0
t6 := v1 / #100
t5 := t6 * #100
IF v1 == t5 GOTO l0
GOTO l1
LABEL l0 :
t12 := v1 / #400
t11 := t12 * #400
IF v1 == t11 GOTO l3
GOTO l4
LABEL l3 :
c0 := #2
IF v0 == c0 GOTO l6
GOTO l7
LABEL l6 :
WRITE #29
GOTO l8
LABEL l7 :
t22 := v0 / #2
t21 := t22 * #2
IF v0 == t21 GOTO l9
GOTO l10
LABEL l9 :
WRITE #30
GOTO l11
LABEL l10 :
WRITE #31
LABEL l11 :
LABEL l8 :
GOTO l5
LABEL l4 :
c1 := #2
IF v0 == c1 GOTO l12
GOTO l13
LABEL l12 :
WRITE #28
GOTO l14
LABEL l13 :
t36 := v0 / #2
t35 := t36 * #2
IF v0 == t35 GOTO l15
GOTO l16
LABEL l15 :
WRITE #30
GOTO l17
LABEL l16 :
WRITE #31
LABEL l17 :
LABEL l14 :
LABEL l5 :
GOTO l2
LABEL l1 :
t46 := v1 / #4
t45 := t46 * #4
IF v1 == t45 GOTO l18
GOTO l19
LABEL l18 :
c2 := #2
IF v0 == c2 GOTO l21
GOTO l22
LABEL l21 :
WRITE #29
GOTO l23
LABEL l22 :
t56 := v0 / #2
t55 := t56 * #2
IF v0 == t55 GOTO l24
GOTO l25
LABEL l24 :
WRITE #30
GOTO l26
LABEL l25 :
WRITE #31
LABEL l26 :
LABEL l23 :
GOTO l20
LABEL l19 :
c3 := #2
IF v0 == c3 GOTO l27
GOTO l28
LABEL l27 :
WRITE #28
GOTO l29
LABEL l28 :
t70 := v0 / #2
t69 := t70 * #2
IF v0 == t69 GOTO l30
GOTO l31
LABEL l30 :
WRITE #30
GOTO l32
LABEL l31 :
WRITE #31
LABEL l32 :
LABEL l29 :
LABEL l20 :
LABEL l2 :
RETURN #0

