Error type 10 at Line 18 applying indexing operator ([...]) on non-array type variables
Error type 5 at Line 18: unmatching types on both sides of assignment operator (=)
Error type 2 at Line 19: function is invoked without definition
